<html>
<body>
<pre>
<h1>礦ision Build Log</h1>
<h2>Project:</h2>
C:\Users\taozhengxin\Desktop\步进电机S曲线代码资料\stepmotor\stepmotor-both201401201\RT-Thread_1.2.0\bsp\stm32f10x\project.uvproj
Project File Date:  11/29/2014

<h2>Output:</h2>
Rebuild target 'RT-Thread STM32'
compiling application.c...
compiling startup.c...
compiling motor.c...
applications\motor.c(752): warning:  #550-D: variable "MotorTime13Table" was set but never used
        uint16_t *MotorTime13Table;
applications\motor.c(753): warning:  #550-D: variable "MotorStep13Table" was set but never used
        uint16_t *MotorStep13Table;
applications\motor.c(1530): warning:  #167-D: argument of type "unsigned char *" is incompatible with parameter of type "char *"
                                        Deal_Serail_Cmd(MY_Cmd_Buff,7); 
applications\motor.c: 3 warnings, 0 errors
compiling motor_it.c...
compiling MotorStart.c...
compiling ringbuffer.c...
compiling board.c...
drivers\board.c(187): warning:  #223-D: function "rt_hw_usart_init" declared implicitly
      rt_hw_usart_init();
drivers\board.c: 1 warning, 0 errors
compiling stm32f10x_it.c...
compiling led.c...
compiling usart.c...
compiling system_stm32f10x.c...
compiling stm32f10x_crc.c...
compiling stm32f10x_rcc.c...
compiling stm32f10x_wwdg.c...
compiling stm32f10x_pwr.c...
compiling stm32f10x_exti.c...
compiling stm32f10x_bkp.c...
compiling stm32f10x_i2c.c...
compiling stm32f10x_adc.c...
compiling stm32f10x_dac.c...
compiling stm32f10x_rtc.c...
compiling stm32f10x_fsmc.c...
compiling stm32f10x_tim.c...
compiling stm32f10x_iwdg.c...
compiling stm32f10x_spi.c...
compiling stm32f10x_flash.c...
compiling stm32f10x_sdio.c...
compiling stm32f10x_gpio.c...
compiling stm32f10x_usart.c...
compiling stm32f10x_dbgmcu.c...
compiling stm32f10x_dma.c...
compiling stm32f10x_can.c...
compiling stm32f10x_cec.c...
compiling misc.c...
assembling startup_stm32f10x_md.s...
compiling clock.c...
compiling device.c...
compiling idle.c...
compiling ipc.c...
compiling irq.c...
compiling kservice.c...
compiling mem.c...
compiling mempool.c...
compiling object.c...
compiling scheduler.c...
compiling thread.c...
compiling timer.c...
compiling cpuport.c...
assembling context_rvds.S...
..\..\libcpu\arm\cortex-m3\context_rvds.S(206): warning: A1581W: Added 2 bytes of padding at address 0xd6
compiling backtrace.c...
compiling div0.c...
compiling showmem.c...
compiling serial.c...
compiling completion.c...
compiling dataqueue.c...
compiling pipe.c...
compiling cmd.c...
compiling finsh_compiler.c...
compiling finsh_error.c...
compiling finsh_heap.c...
compiling finsh_init.c...
compiling finsh_node.c...
compiling finsh_ops.c...
compiling finsh_parser.c...
compiling finsh_token.c...
compiling finsh_var.c...
compiling finsh_vm.c...
compiling msh.c...
compiling msh_cmd.c...
compiling shell.c...
compiling symbol.c...
compiling components.c...
linking...
Program Size: Code=87386 RO-data=4390 RW-data=508 ZI-data=15532  
FromELF: creating hex file...
After Build - User command #1: fromelf --bin .\build\rtthread-stm32.axf --output rtthread.bin
".\build\rtthread-stm32.axf" - 0 Error(s), 5 Warning(s).
</pre>
</body>
</html>
